Traceback (most recent call last):
  File "C:\Users\steve\anaconda3\envs\book\Lib\site-packages\jupyter_core\utils\__init__.py", line 154, in wrapped
    asyncio.get_running_loop()
    ~~~~~~~~~~~~~~~~~~~~~~~~^^
RuntimeError: no running event loop

During handling of the above exception, another exception occurred:

Traceback (most recent call last):
  File "C:\Users\steve\anaconda3\envs\book\Lib\site-packages\jupyter_cache\executors\utils.py", line 58, in single_nb_execution
    executenb(
    ~~~~~~~~~^
        nb,
        ^^^
    ...<4 lines>...
        **kwargs,
        ^^^^^^^^^
    )
    ^
  File "C:\Users\steve\anaconda3\envs\book\Lib\site-packages\nbclient\client.py", line 1319, in execute
    return NotebookClient(nb=nb, resources=resources, km=km, **kwargs).execute()
           ~~~~~~~~~~~~~~~~~~~~~~~~~~~~~~~~~~~~~~~~~~~~~~~~~~~~~~~~~~~~~~~~~~~^^
  File "C:\Users\steve\anaconda3\envs\book\Lib\site-packages\jupyter_core\utils\__init__.py", line 158, in wrapped
    return loop.run_until_complete(inner)
           ~~~~~~~~~~~~~~~~~~~~~~~^^^^^^^
  File "C:\Users\steve\anaconda3\envs\book\Lib\asyncio\base_events.py", line 725, in run_until_complete
    return future.result()
           ~~~~~~~~~~~~~^^
  File "C:\Users\steve\anaconda3\envs\book\Lib\site-packages\nbclient\client.py", line 709, in async_execute
    await self.async_execute_cell(
        cell, index, execution_count=self.code_cells_executed + 1
    )
  File "C:\Users\steve\anaconda3\envs\book\Lib\site-packages\nbclient\client.py", line 1062, in async_execute_cell
    await self._check_raise_for_error(cell, cell_index, exec_reply)
  File "C:\Users\steve\anaconda3\envs\book\Lib\site-packages\nbclient\client.py", line 918, in _check_raise_for_error
    raise CellExecutionError.from_cell_and_msg(cell, exec_reply_content)
nbclient.exceptions.CellExecutionError: An error occurred while executing the following cell:
------------------
P(Y=j|X) para j = 0, 1, 2, 3


### 2. **Ajuste por Categoría de Referencia**
Como `statsmodels` usa una categoría base (típicamente la primera), los coeficientes estimados tienen dimensión `(n_vars, n_classes-1)`. La función añade una columna de ceros para la categoría de referencia, resultando en una matriz completa de coeficientes β de dimensión `(n_vars, n_classes)`.

### 3. **Cálculo de Efectos Marginales**
Para cada observación *i*, variable *k* y categoría *j*, calcula:

**Efecto Marginal = P(Y=j|X_i) × [β_jk - Σ_m P(Y=m|X_i) × β_mk]**

Donde:
- `P(Y=j|X_i)` es la probabilidad predicha de la categoría *j* para la observación *i*
- `β_jk` es el coeficiente de la variable *k* en la ecuación de la categoría *j*
- El término `Σ_m P(Y=m|X_i) × β_mk` es el promedio ponderado de los coeficientes de la variable *k* a través de todas las categorías, usando las probabilidades como pesos

Esta fórmula representa la derivada parcial:
∂P(Y=j|X)/∂x_k
------------------


  [36mCell[39m[36m [39m[32mIn[1][39m[32m, line 10[39m
[31m    [39m[31m**Efecto Marginal = P(Y=j|X_i) × [β_jk - Σ_m P(Y=m|X_i) × β_mk]**[39m
                                   ^
[31mSyntaxError[39m[31m:[39m invalid character '×' (U+00D7)


